src/pages/Home.tsx(3,16): error TS6133: 'Clock' is declared but its value is never read.
src/pages/Home.tsx(3,46): error TS6133: 'ChevronRight' is declared but its value is never read.
src/pages/Payments.tsx(3,10): error TS6133: 'CreditCard' is declared but its value is never read.
src/pages/Planning.tsx(3,10): error TS6133: 'ClipboardList' is declared but its value is never read.
src/pages/Schedule.tsx(3,10): error TS6133: 'Clock' is declared but its value is never read.
src/pages/Tafs.tsx(3,20): error TS6133: 'BookOpen' is declared but its value is never read.
src/pages/Tafs.tsx(3,30): error TS6133: 'Clock' is declared but its value is never read.
